-----BEGIN OPENSSH PRIVATE KEY-----
b3BlbnNzaC1rZXktdjEAAAAABG5vbmUAAAAEbm9uZQAAAAAAAAABAAAAMwAAAAtzc2gtZW
QyNTUxOQAAACBnZDuiXyQCGaMOPRCC1s6fyXiX8ZsFab/
yQsGCDEth1wAAAKgAAAAAAAAAAAAAAAtzc2gtZWQyNTUxOQAAACBnZDuiXyQCGaMOPRCC1
s6fyXiX8ZsFab/
yQsGCDEth1wAAAEBzI3DEvViO1Tf8cEGyOeZCcqVzrP+XYHgE1JFZvdFk+WdkO6JfJAIZo
w49EILWzp/JeJfxmwVpv/
JCwYIMS2HXAAAAI1NhdG9zaGkgTmFrYW1vdG8gPHNhdG9zaGluQGdteC5jb20+AQI=
-----END OPENSSH PRIVATE KEY-----
