-----BEGIN OPENSSH PRIVATE KEY-----
b3BlbnNzaC1rZXktdjEAAAAABG5vbmUAAAAEbm9uZQAAAAAAAAABAAAAMwAAAAtzc2gtZW
QyNTUxOQAAACDZ08F7avf2lDQ5mwvUqh66URULhqgw0weTpD2oSZtcqwAAAKgAAAAAAAAA
AAAAAAtzc2gtZWQyNTUxOQAAACDZ08F7avf2lDQ5mwvUqh66URULhqgw0weTpD2oSZtcqw
AAAEC03mKXr1jNf9wh1DCdwfaDNjpOho6DJcxt8Xl7IMfg09nTwXtq9/
aUNDmbC9SqHrpRFQuGqDDTB5OkPahJm1yrAAAAI1NhdG9zaGkgTmFrYW1vdG8gPHNhdG9z
aGluQGdteC5jb20+AQI=
-----END OPENSSH PRIVATE KEY-----
