-----BEGIN PGP PRIVATE KEY BLOCK-----
Version: GnuPG v2

xVgESV+rKRYJKwYBBAHaRw8BAQdAZ2Q7ol8kAhmjDj0QgtbOn8l4l/
GbBWm/8kLBggxLYdcAAP9zI3DEvViO1Tf8cEGyOeZCcqVzrP+XYHgE1JFZvdFk+R
KJzSNTYXRvc2hpIE5ha2Ftb3RvIDxzYXRvc2hpbkBnbXguY29tPsJ/
BBMWCAAxBQJJX6spCRAbnNTYsvLQ/xYhBBGMcbGDSPM5z+jkbhuc1Niy8tD/
AhsDAh4BAwUAeAAAAfYBANri+hwl1JLN8wgtMwZ9pAKUHKTd3eDlok0ipUCtG6nP
AQCBn6oud7N1FrcXMQvQN7FfcOLTzJV5E5UI+DmVVMAVA8ddBElfqykSCisGAQQB
l1UBBQEBB0B9ld+fqpAsB8yxd/33casRALNS07ihOmf+JhbEnIfKFgMBCAkAAP9q
Bj2hyqb67qkZoSA04iKRwE+qjNNP6bI+Cy0VzuX5EBE6wnwEGBYIAC4FAklfqykJ
EBuc1Niy8tD/FiEEEYxxsYNI8znP6ORuG5zU2LLy0P8CGwwDBQB4AAC1CAD/
Rxa/A7NR3PuQN5+
+0Rwhx7BU1P4dvwV6TPK6BcF6IXcBAJuP7BY37ygwOBDNCCVEx7Kh3pm6rimi3tI
aJ6mkwr0E
=yxxH
-----END PGP PRIVATE KEY BLOCK-----
