-----BEGIN PGP PUBLIC KEY BLOCK-----
Version: GnuPG v2

xjMESV+rKRYJKwYBBAHaRw8BAQdA6pldwpdfWQKdR4+o+67JDjjkeWVp8RCE7qWq
PjtuohjNI1NhdG9zaGkgTmFrYW1vdG8gPHNhdG9zaGluQGdteC5jb20+wn8EExYI
ADEFAklfqykJEAwCVZanKc9hFiEEBGFmEl/
cx+XYk+MqDAJVlqcpz2ECGwMCHgEDBQB4AAC39AEAxl0HSGo+1OEeVkoYrNEUn/
VuFE8uJhsBn48jfTAlAKgBALm6G5EURsLdGIOTyLn0Yt29umkdVANXubDEXKJZPj
YMzjgESV+rKRIKKwYBBAGXVQEFAQEHQEIZPQ9tfmZ5aZhNxjMQn1h5JdJcf/5h5z
24kJXvd+9HAwEICcJ8BBgWCAAuBQJJX6spCRAMAlWWpynPYRYhBARhZhJf3Mfl2J
PjKgwCVZanKc9hAhsMAwUAeAAAz2sA+wcZepjLfg+d6gihm8w6TkjI34TvW3au/
FEtAgd4N38pAQC8tjxBlL2oABgHg4OC/6tBvCxOXAJ0HQlLkHLCIIb5AA==
=oI3C
-----END PGP PUBLIC KEY BLOCK-----
