-----BEGIN PGP PUBLIC KEY BLOCK-----
Version: GnuPG v2

xjMESV+rKRYJKwYBBAHaRw8BAQdA54mWGhhZ3Z0zz63O4BmOPBN75wttSyuHRLjG
Y1jlzOLNI1NhdG9zaGkgTmFrYW1vdG8gPHNhdG9zaGluQGdteC5jb20+wn8EExYI
ADEFAklfqykJEN2mRC7gvXRCFiEEkrNV8j9V6EqVoDRZ3aZELuC9dEICGwMCHgED
BQB4AABM8AD+IEukRuUC+7vBB4EN4JRI9IOmM8sh6ZZ0e5EW5TvPa0IA/09AoQ0r
G8lXeoadqx+EWgZ/XQQJhRtzJ/
lxgPyM1h4HzjgESV+rKRIKKwYBBAGXVQEFAQEHQFwsNWON5/
c0EL221WDhcOMXrIBBqL/
prRngYskd7oMAAwEICcJ8BBgWCAAuBQJJX6spCRDdpkQu4L10QhYhBJKzVfI/
VehKlaA0Wd2mRC7gvXRCAhsMAwUAeAAA9E8BAN/
lcwqeMNh9mYUxyaoaRa2ubosofxC2I6ircGAkId4wAP9LNjtsW7PaX5EoP/
xQjx2XzjHjzp5n0nNPN5LTSb30BA==
=pJlm
-----END PGP PUBLIC KEY BLOCK-----
