-----BEGIN PGP PRIVATE KEY BLOCK-----
Version: GnuPG v2

xVgESV+rKRYJKwYBBAHaRw8BAQdABMyLtEmz6ViCdEnXqGFjtBUWHe47a6NYMJTA
PbAejlgAAQDSq/
VQpP2SrgkjH6jsut+oOVWJ3m91LsLEoclJrTD6chJNzcBKQUFBQUFBQUFBQUFBQU
FBQUFBQUFBQUFBQUFBQUFBQUFBQUFBQUFBQUFBQUFBQUFBQUFBQUFBQUFBQUFBQU
FBQUFBQUFBQUFBQUFBQUFBQUFBQUFBQUFBQUFBQUFBQUFBQUFBQUFBQUFBQUFBQU
FBQUFBQUFBQUFBQUFBQUFBQUFBQUFBQUFBQUFBQUFBQUFBQUFBQUFBQUFBQUFBQU
FBQUFBQUFBQUFBQUFBQUFBQUFBQUFBQUFBQUFBQUFBQUFBQUFBQUFBQUFBQUFBQU
FBQUFBQUFBQUFBQUFBQUFBQUFBQUFBQUFBQUFBQUFBQUFBQUFBQUFBQUFBQSA8bG
9uZ0B0ZXN0LmNvbT7CfwQTFggAMQUCSV+rKQkQDacgSWjnYfsWIQQjlk75/
wkPuLOAk9ANpyBJaOdh+wIbAwIeAQMFAHgAADygAQCoLoFYH9SrFbG6gTePhAxFN
Kskwh1MgYVzyBymsGCtQQEA3HYz74BMAAzo+Z0gHEcTWABV5N6KoQeFo5y0dEBa8
AnHXQRJX6spEgorBgEEAZdVAQUBAQdA+UF6DsSBAD2f6VIcET7TNbazqw12xO2AS
VL+DPTYEAkDAQgJAAD/
cvUwqncnkyqyyFYDBqfGssU9HzNAUhoqxm1ItBfEJgAN7cJ8BBgWCAAuBQJJX6sp
CRANpyBJaOdh+xYhBCOWTvn/CQ+4s4CT0A2nIElo52H7AhsMAwUAeAAAT/
UBAKoBdwPIDAOAzFTMq3wWciMtAWmFLEGQE1xXW3NB44v1AP0TqbvpuwxIXYOhge
OEQiJNlUfk47l9zZrqfYLeTrlsDw==
=wGEt
-----END PGP PRIVATE KEY BLOCK-----
