-----BEGIN PGP PRIVATE KEY BLOCK-----
Version: GnuPG v2

xVgESV+rKRYJKwYBBAHaRw8BAQdA4AZBsDMx0cyVmaJRtcmJ+Zv1/
wO4VZOeJtaHXSNJiTMAAP0dd1gaC3WgEp/
qwyDiXjwGTSzOOfp9GoarYGyjqZ21kw9izSNTYXRvc2hpIE5ha2Ftb3RvIDxzYXR
vc2hpbkBnbXguY29tPsJ/
BBMWCAAxBQJJX6spCRCVtbp9RfcdPBYhBE0i82XyYIGkVozT5pW1un1F9x08AhsD
Ah4BAwUAeAAAaa4BAPGRCFojy3FC4ladqp+N/sRB0BT5SInoddY7kO7/
nYzCAPsFAIa4pA4JIuUuPsnSoG3ASSZz8f2tIcNbAy6y/zbgDA==
=Mcm3
-----END PGP PRIVATE KEY BLOCK-----
