-----BEGIN PGP PRIVATE KEY BLOCK-----
Version: GnuPG v2

xVgESV+rKRYJKwYBBAHaRw8BAQdA2dPBe2r39pQ0OZsL1KoeulEVC4aoMNMHk6Q9
qEmbXKsAAQC03mKXr1jNf9wh1DCdwfaDNjpOho6DJcxt8Xl7IMfg0xHpzSNTYXRv
c2hpIE5ha2Ftb3RvIDxzYXRvc2hpbkBnbXguY29tPsJ/
BBMWCAAxBQJJX6spCRC3QdzOEcxscxYhBHtimIVHnvshTv+krrdB3M4RzGxzAhsD
Ah4BAwUAeAAApdIBANhn3jVkLeFtbaRXbaiz2o7pphmG+dTcShKWsK9aaHCEAP41
dUxQvyUjuCIC1FrSfNY7zTmWBre8COiXg4F4PtumDMddBElfqykSCisGAQQBl1UB
BQEBB0DnJe5UFJ6rNV/
X9U/7GGltvHEc7oVp8wGekD/7MnXDUwMBCAkAAP99JjeeVOOHHT52ViDLY4ITTwH
t12z7W2tN8B1+JHAxwA7dwnwEGBYIAC4FAklfqykJELdB3M4RzGxzFiEEe2KYhUe
e+yFO/6Sut0HczhHMbHMCGwwDBQB4AADjqQD/
cqWQRp59vSydblT6jz1TPvh2lyiayfO4SZLCjM44gk8BAJ/
lhLfO57IlgePfk8N0cnJCNI/rQlvIbVVggfdALogK
=IrgY
-----END PGP PRIVATE KEY BLOCK-----
