-----BEGIN OPENSSH PRIVATE KEY-----
b3BlbnNzaC1rZXktdjEAAAAABG5vbmUAAAAEbm9uZQAAAAAAAAABAAAAMwAAAAtzc2gtZW
QyNTUxOQAAACDgBkGwMzHRzJWZolG1yYn5m/X/
A7hVk54m1oddI0mJMwAAAKgAAAAAAAAAAAAAAAtzc2gtZWQyNTUxOQAAACDgBkGwMzHRzJ
WZolG1yYn5m/X/A7hVk54m1oddI0mJMwAAAEAdd1gaC3WgEp/
qwyDiXjwGTSzOOfp9GoarYGyjqZ21k+AGQbAzMdHMlZmiUbXJifmb9f8DuFWTnibWh10jS
YkzAAAAI1NhdG9zaGkgTmFrYW1vdG8gPHNhdG9zaGluQGdteC5jb20+AQI=
-----END OPENSSH PRIVATE KEY-----
