-----BEGIN PGP PRIVATE KEY BLOCK-----
Version: GnuPG v2

xVgEZVPxABYJKwYBBAHaRw8BAQdA4AZBsDMx0cyVmaJRtcmJ+Zv1/
wO4VZOeJtaHXSNJiTMAAP0dd1gaC3WgEp/
qwyDiXjwGTSzOOfp9GoarYGyjqZ21kw9izSNTYXRvc2hpIE5ha2Ftb3RvIDxzYXR
vc2hpbkBnbXguY29tPsKFBBMWCAA3BQJlU/
EABQkF9eEACRC1aUcJYhYIUxYhBJWBl0aNM+nvSlt/
+bVpRwliFghTAhsDAh4BAwUAeAAADu4A/
ijsS4xlksjudN4ucJyTSANYzEcVKBy3zbyvDEWtUraYAP9uWJr32f98WDm23fvTb
N8br9Wi7YkpzQcXb0IXvy4iCcddBGVT8QASCisGAQQBl1UBBQEBB0BDfeC7aX5cR
M7e6RuQ7f8d56zIlAQ2SgWNDz3cHOT2eAMBCAkAAP9AAGIymFUi1+pE4SFMuoIc9
frHFi3O+nKkHZxxnvJv2BFlwoIEGBYIADQFAmVT8QAFCQX14QAJELVpRwliFghTF
iEElYGXRo0z6e9KW3/5tWlHCWIWCFMCGwwDBQB4AACn7AEAuZu3gF3Det4wt1Lgl
bBVGxxBmrcBGJk02KlJ4ffCBXsA/jofTRKMwNQLr/
Bd+VPJJF2DNqHMjloLsz6sUj5NLCkD
=29sA
-----END PGP PRIVATE KEY BLOCK-----
