-----BEGIN PGP PUBLIC KEY BLOCK-----
Version: GnuPG v2

xjMESV+rKRYJKwYBBAHaRw8BAQdA4AZBsDMx0cyVmaJRtcmJ+Zv1/
wO4VZOeJtaHXSNJiTPNI1NhdG9zaGkgTmFrYW1vdG8gPHNhdG9zaGluQGdteC5jb
20+wn8EExYIADEFAklfqykJEJW1un1F9x08FiEETSLzZfJggaRWjNPmlbW6fUX3H
TwCGwMCHgEDBQB4AABprgEA8ZEIWiPLcULiVp2qn43+xEHQFPlIieh11juQ7v+dj
MIA+wUAhrikDgki5S4+ydKgbcBJJnPx/a0hw1sDLrL/
NuAMzjgESV+rKRIKKwYBBAGXVQEFAQEHQEN94LtpflxEzt7pG5Dt/
x3nrMiUBDZKBY0PPdwc5PZ4AwEICcJ8BBgWCAAuBQJJX6spCRCVtbp9RfcdPBYhB
E0i82XyYIGkVozT5pW1un1F9x08AhsMAwUAeAAAjW4A/
jWbFlfh6Gapuegj6Dz7qkrZpPhzVA+sizY2f1aLJGTCAP9Vrdh5WrHkIg5UgrPqZ
EB2fZRBYs6B4HVbQPEvIgDXDQ==
=JDfW
-----END PGP PUBLIC KEY BLOCK-----
