-----BEGIN PGP PRIVATE KEY BLOCK-----
Version: GnuPG v2

xVgESV+rKRYJKwYBBAHaRw8BAQdA4AZBsDMx0cyVmaJRtcmJ+Zv1/
wO4VZOeJtaHXSNJiTMAAP0dd1gaC3WgEp/
qwyDiXjwGTSzOOfp9GoarYGyjqZ21kw9izSNTYXRvc2hpIE5ha2Ftb3RvIDxzYXR
vc2hpbkBnbXguY29tPsJ/
BBMWCAAxBQJJX6spCRCVtbp9RfcdPBYhBE0i82XyYIGkVozT5pW1un1F9x08AhsD
Ah4BAwUAeAAAaa4BAPGRCFojy3FC4ladqp+N/sRB0BT5SInoddY7kO7/
nYzCAPsFAIa4pA4JIuUuPsnSoG3ASSZz8f2tIcNbAy6y/
zbgDMddBElfqykSCisGAQQBl1UBBQEBB0BDfeC7aX5cRM7e6RuQ7f8d56zIlAQ2S
gWNDz3cHOT2eAMBCAkAAP9AAGIymFUi1+pE4SFMuoIc9frHFi3O+nKkHZxxnvJv2
BFlwnwEGBYIAC4FAklfqykJEJW1un1F9x08FiEETSLzZfJggaRWjNPmlbW6fUX3H
TwCGwwDBQB4AACNbgD+NZsWV+HoZqm56CPoPPuqStmk+HNUD6yLNjZ/
VoskZMIA/1Wt2HlaseQiDlSCs+pkQHZ9lEFizoHgdVtA8S8iANcNx1gESV+rKRYJ
KwYBBAHaRw8BAQdAVDbxyjOCiIAS3JWUzfK7nQ+
+a/86Ie3R+QUKSJRp26UAAQDIX7Xtpjv054FM/ZvdBE6qXzhKuwPS7dgG/
EMBEazBbBEqwnwEGBYIAC4FAklfqykJEJW1un1F9x08FiEETSLzZfJggaRWjNPml
bW6fUX3HTwCGyADBQB4AABOzAEAlorOmFUcEC8BFJ+fTJCx7BMKIrqJ40nhBKNL7
BGLWfwBAPVI2+kMV2tqiI0ATHsUao9yoZyi789+1lxrrPI5v/ED
=G5j2
-----END PGP PRIVATE KEY BLOCK-----
