-----BEGIN PGP PUBLIC KEY BLOCK-----
Version: GnuPG v2

xjMESV+rKRYJKwYBBAHaRw8BAQdAhydlDuzRNbEo3cLVPRE3V7BKbPm3hsLYEAxd
IQ3Z0MHNI1NhdG9zaGkgTmFrYW1vdG8gPHNhdG9zaGluQGdteC5jb20+wn8EExYI
ADEFAklfqykJEK9S2wtr/
fOJFiEE5e36Ce68dmwssI5sr1LbC2v984kCGwMCHgEDBQB4AAA6owEAjLOP2X/
WnjO74Xm7Qq8xjtv8LfzC4UR3U2/
ALPrf638A/0B0K2qhdmjtxXHyUWpVsmPG5pbscrBoRYrnviyVIHcAzjgESV+rKRI
KKwYBBAGXVQEFAQEHQBBwY83igBFuUIfI+I8UTce53wpaHnZZZw3CEImlUDhuAwE
ICcJ8BBgWCAAuBQJJX6spCRCvUtsLa/3ziRYhBOXt+gnuvHZsLLCObK9S2wtr/
fOJAhsMAwUAeAAAznIBAP2nzZooyh0HxXh/
aa5rOjSvzHMn3e6s2B1C8IdoislaAQDGnzSaIqaIKsgFAGw8ysLJ6L0k9WD6V1aB
uJfYQ9iTBQ==
=BkLP
-----END PGP PUBLIC KEY BLOCK-----
