-----BEGIN PGP PRIVATE KEY BLOCK-----
Version: GnuPG v2

xVgESV+rKRYJKwYBBAHaRw8BAQdAmdAc2YvZGPBvBvC8gk7xHsGyjc3R5112cCEX
EYHmhk4AAQCzzBu/
n71bkyEo+PPhwkCB7Z32XsTZG23ugZRCbPkGIxISzSNTYXRvc2hpIE5ha2Ftb3Rv
IDxzYXRvc2hpbkBnbXguY29tPsJ/
BBMWCAAxBQJJX6spCRA6ITPSP1ekuBYhBI4omWo7mVa15ppMNDohM9I/
V6S4AhsDAh4BAwUAeAAAttIBAMdtYd6Qw8dLUOJAg5siE42sPKJT6egxBIXgo1Y7
dU3FAP4mypfr7HJ/
gYx+VFr9bnyLssL4xyvwGch+453h0Tt3AsddBElfqykSCisGAQQBl1UBBQEBB0CW
D1tCTmwBYCTPsu1vaQAQVVEHjLcIct5SMaA47iVNBAMBCAkAAP9SnrPNmppj5hH8
jGEVwlDH3EZ5wUwF0KO93YyOyeNoKBLkwnwEGBYIAC4FAklfqykJEDohM9I/
V6S4FiEEjiiZajuZVrXmmkw0OiEz0j9XpLgCGwwDBQB4AAADCgEAhiqYTSOUHHmK
VsXFoqLaQI2qO897cd754H+qkvHKYakBAMY21N2Ah6nzKBVaj5VjwRMzhWw5VqHF
fVsdn/2SanAP
=FZGa
-----END PGP PRIVATE KEY BLOCK-----
