-----BEGIN PGP PRIVATE KEY BLOCK-----
Version: GnuPG v2

xVgESV+rKRYJKwYBBAHaRw8BAQdAYq/2YmC5MFkjLXt7zGUwWJtDYmrscw9RjNa+
8T5S6QwAAQCZony2u01WhKGB5QnOealSKsAUZCUCK/hIHCBi/
kP4Rw60zSNTYXRvc2hpIE5ha2Ftb3RvIDxzYXRvc2hpbkBnbXguY29tPsJ/
BBMWCAAxBQJJX6spCRDLQ42OTx8sbxYhBLTzL9P4ilt6zp+/
R8tDjY5PHyxvAhsDAh4BAwUAeAAA+nkBAO3JLnP65WUmak5HKg9AO5lFzleqQQQQ
4yL8av6rmlYhAP9LpoWnwdvHsyOYFz7tnTqlZseedcoigdbU7kOqIuF/
AMddBElfqykSCisGAQQBl1UBBQEBB0A0g/
R8M6znLbSDXeiiBHksW6CFOIIhim7nzblOPj/
mXwMBCAkAAP97XHdUjQyjyJWNqq7ja7btuPMHZqaJYa0dWRmu9ILoKBIownwEGBY
IAC4FAklfqykJEMtDjY5PHyxvFiEEtPMv0/
iKW3rOn79Hy0ONjk8fLG8CGwwDBQB4AAC/KAD/
cDt5jNDZohkPQ7fR7gzroG5ynnaV9HmjvG4fyDIc99QA/3lB1AN+XDlkn8z7am+b
p/TKEPif/VogBjj9oIAEod8C
=TdSv
-----END PGP PRIVATE KEY BLOCK-----
